{
  "filters_used": [],
  "plugins_used": [],
  "results": {
    ".github/workflows/ci.yml": [
      {
        "hashed_secret": "3388f7c7929d3d0e9c7edce2aff68f0d3f6b8cda",
        "is_secret": false,
        "is_verified": false,
        "line_number": 52,
        "type": "Secret Keyword"
      }
    ],
    "configs/apple-silicon.yaml": [
      {
        "hashed_secret": "387f8daff5257d95aa6e8983d01cedc0340e7ff6",
        "is_secret": false,
        "is_verified": false,
        "line_number": 5,
        "type": "Hex High Entropy String"
      }
    ],
    "configs/cpu-smoke.yaml": [
      {
        "hashed_secret": "61677d98a18220a5274a181afc3e852ab5b9781d",
        "is_secret": false,
        "is_verified": false,
        "line_number": 5,
        "type": "Hex High Entropy String"
      }
    ],
    "configs/llama-8b-qlora.yaml": [
      {
        "hashed_secret": "99e7745337ef2243ddc50b24d289e1afa60fa6c5",
        "is_secret": false,
        "is_verified": false,
        "line_number": 5,
        "type": "Hex High Entropy String"
      }
    ],
    "configs/qwen-7b-qlora-quality.yaml": [
      {
        "hashed_secret": "304ed4b2d5be42affef282bb3ecb0dbfa5836bdb",
        "is_secret": false,
        "is_verified": false,
        "line_number": 5,
        "type": "Hex High Entropy String"
      }
    ],
    "results/cpu-smoke/deployment-summary.json": [
      {
        "hashed_secret": "5f9266e88664e290553c08e577901f46a60de8be",
        "is_secret": false,
        "is_verified": false,
        "line_number": 14,
        "type": "Hex High Entropy String"
      },
      {
        "hashed_secret": "9b36303302956e296d504d7ffe23c62adc69028b",
        "is_secret": false,
        "is_verified": false,
        "line_number": 20,
        "type": "Hex High Entropy String"
      },
      {
        "hashed_secret": "7e7042497454bfb5e9fd1360a5f9d694736c5b5d",
        "is_secret": false,
        "is_verified": false,
        "line_number": 21,
        "type": "Hex High Entropy String"
      },
      {
        "hashed_secret": "c8b2803a6fe4ab9eef03797077e9963caef78995",
        "is_secret": false,
        "is_verified": false,
        "line_number": 22,
        "type": "Hex High Entropy String"
      },
      {
        "hashed_secret": "a05a4387caeae987a4615362f533f964c6397a28",
        "is_secret": false,
        "is_verified": false,
        "line_number": 27,
        "type": "Hex High Entropy String"
      },
      {
        "hashed_secret": "3bb70d22032d5e14c4903cab6b56b665657d669f",
        "is_secret": false,
        "is_verified": false,
        "line_number": 28,
        "type": "Hex High Entropy String"
      },
      {
        "hashed_secret": "ba6e55869a9a7f34d8eaa018723f099d772746be",
        "is_secret": false,
        "is_verified": false,
        "line_number": 31,
        "type": "Hex High Entropy String"
      },
      {
        "hashed_secret": "88f2927f2fc6a4ce83a259389af052889b9e97d7",
        "is_secret": false,
        "is_verified": false,
        "line_number": 35,
        "type": "Hex High Entropy String"
      },
      {
        "hashed_secret": "85e5657bad7c8940e3f9b5d89f99291a5bdbbe03",
        "is_secret": false,
        "is_verified": false,
        "line_number": 39,
        "type": "Hex High Entropy String"
      },
      {
        "hashed_secret": "b05ad7b33c3ad3d19caddc708c77cc9c0bbaa792",
        "is_secret": false,
        "is_verified": false,
        "line_number": 67,
        "type": "Hex High Entropy String"
      }
    ],
    "results/cpu-smoke/evaluation-summary.json": [
      {
        "hashed_secret": "1aff90ab258f17e3f840712b5899bbf7ebae9b3c",
        "is_secret": false,
        "is_verified": false,
        "line_number": 10,
        "type": "Hex High Entropy String"
      },
      {
        "hashed_secret": "2ae121f86db85c6133d4a5af23c4796a16d9e9a4",
        "is_secret": false,
        "is_verified": false,
        "line_number": 11,
        "type": "Hex High Entropy String"
      },
      {
        "hashed_secret": "96016027ffcb16e4892945cbbe4a7042a023cca1",
        "is_secret": false,
        "is_verified": false,
        "line_number": 13,
        "type": "Hex High Entropy String"
      },
      {
        "hashed_secret": "e97888826a5863542c0c516994c9e52aa2dcd362",
        "is_secret": false,
        "is_verified": false,
        "line_number": 78,
        "type": "Hex High Entropy String"
      },
      {
        "hashed_secret": "db5e8725356bed488cf1fef40c7b7e6086a1c0e1",
        "is_secret": false,
        "is_verified": false,
        "line_number": 79,
        "type": "Hex High Entropy String"
      }
    ],
    "results/cpu-smoke/training-summary.json": [
      {
        "hashed_secret": "63999f7490d2489156fc1855e7a8abe9f559e7e0",
        "is_secret": false,
        "is_verified": false,
        "line_number": 10,
        "type": "Hex High Entropy String"
      },
      {
        "hashed_secret": "380d16bea1429f6cedb11951f920297891729c06",
        "is_secret": false,
        "is_verified": false,
        "line_number": 29,
        "type": "Hex High Entropy String"
      },
      {
        "hashed_secret": "0ef8a2773b53f0e4c7745d78d56beea78e8b4cc9",
        "is_secret": false,
        "is_verified": false,
        "line_number": 31,
        "type": "Hex High Entropy String"
      },
      {
        "hashed_secret": "807626e5ed383b9fc0f7ed6ccc2ec2f363711d19",
        "is_secret": false,
        "is_verified": false,
        "line_number": 36,
        "type": "Hex High Entropy String"
      },
      {
        "hashed_secret": "4a0c95297ce0c44c7350fd0bd69a525486197455",
        "is_secret": false,
        "is_verified": false,
        "line_number": 40,
        "type": "Hex High Entropy String"
      }
    ],
    "results/post-commit-cpu/evaluation-summary.json": [
      {
        "hashed_secret": "65ceebb792e997ada39d733747453091ba6a3ea7",
        "is_secret": false,
        "is_verified": false,
        "line_number": 9,
        "type": "Hex High Entropy String"
      },
      {
        "hashed_secret": "243e993d559f8540755eb1aad8f40a1fc658dffc",
        "is_secret": false,
        "is_verified": false,
        "line_number": 14,
        "type": "Hex High Entropy String"
      },
      {
        "hashed_secret": "b6eb64b96ce606f508daf6e954e5277e8dda4054",
        "is_secret": false,
        "is_verified": false,
        "line_number": 15,
        "type": "Hex High Entropy String"
      },
      {
        "hashed_secret": "73e30c393e9d9a7b61d1d44222487282fa60288f",
        "is_secret": false,
        "is_verified": false,
        "line_number": 16,
        "type": "Hex High Entropy String"
      },
      {
        "hashed_secret": "7285a7f000e26f62d36fab4dc184079d5abb5fe0",
        "is_secret": false,
        "is_verified": false,
        "line_number": 17,
        "type": "Hex High Entropy String"
      },
      {
        "hashed_secret": "a77a780b5d85c341c3d8e2255fd0eabf48bb59f7",
        "is_secret": false,
        "is_verified": false,
        "line_number": 20,
        "type": "Hex High Entropy String"
      },
      {
        "hashed_secret": "d0ad526ae911d2c52728ed726680913138416205",
        "is_secret": false,
        "is_verified": false,
        "line_number": 34,
        "type": "Hex High Entropy String"
      }
    ],
    "results/post-commit-cpu/merge-parity-summary.json": [
      {
        "hashed_secret": "4218db800eedbbf7569f567e74144bc5df959f58",
        "is_secret": false,
        "is_verified": false,
        "line_number": 10,
        "type": "Hex High Entropy String"
      },
      {
        "hashed_secret": "20830bfe299d7f91ae1be39379dc8b1485dfea1b",
        "is_secret": false,
        "is_verified": false,
        "line_number": 11,
        "type": "Hex High Entropy String"
      },
      {
        "hashed_secret": "318f5a03c37048c9024e533a27b54f8f015a9853",
        "is_secret": false,
        "is_verified": false,
        "line_number": 20,
        "type": "Hex High Entropy String"
      },
      {
        "hashed_secret": "77cf88db4d9e5cb2364d4acdf6df7ce3abb16883",
        "is_secret": false,
        "is_verified": false,
        "line_number": 22,
        "type": "Hex High Entropy String"
      }
    ],
    "results/post-commit-cpu/training-summary.json": [
      {
        "hashed_secret": "d6ac79872386f4bba180030f20d1281ecc1233a4",
        "is_secret": false,
        "is_verified": false,
        "line_number": 7,
        "type": "Hex High Entropy String"
      }
    ],
    "results/qualified-candidate/automated-audit-a.json": [
      {
        "hashed_secret": "d1d280d606a13324c7e1433f82eec1767bd6f2cc",
        "is_secret": false,
        "is_verified": false,
        "line_number": 16,
        "type": "Hex High Entropy String"
      },
      {
        "hashed_secret": "6d858112badfe2b42e1f278e8d10ab210e0289fb",
        "is_secret": false,
        "is_verified": false,
        "line_number": 18,
        "type": "Hex High Entropy String"
      }
    ],
    "results/qualified-candidate/cuda-vllm-fallback-summary.json": [
      {
        "hashed_secret": "16030e357641c494ff9ffd288f79b11c842573dc",
        "is_secret": false,
        "is_verified": false,
        "line_number": 8,
        "type": "Hex High Entropy String"
      },
      {
        "hashed_secret": "104a9006ef422e77b2f23aaefa4373b77fff9336",
        "is_secret": false,
        "is_verified": false,
        "line_number": 9,
        "type": "Hex High Entropy String"
      },
      {
        "hashed_secret": "c4f9386d9c370a30108277a0c64140cb5db2a180",
        "is_secret": false,
        "is_verified": false,
        "line_number": 13,
        "type": "Hex High Entropy String"
      },
      {
        "hashed_secret": "8f07b64280d3e35dc22b41cbd5ac5cbcb006683a",
        "is_secret": false,
        "is_verified": false,
        "line_number": 28,
        "type": "Hex High Entropy String"
      }
    ],
    "results/qualified-candidate/evaluation-summary.json": [
      {
        "hashed_secret": "81bade921b09da6247ad962a1d4c74a0cb2b48fd",
        "is_secret": false,
        "is_verified": false,
        "line_number": 9,
        "type": "Hex High Entropy String"
      },
      {
        "hashed_secret": "3085d0beadbf09bd6f733a0fd5c1c5e4f0936efe",
        "is_secret": false,
        "is_verified": false,
        "line_number": 11,
        "type": "Hex High Entropy String"
      },
      {
        "hashed_secret": "f826c5db1815ac1e7b7320ad17fc0ed29725f5f2",
        "is_secret": false,
        "is_verified": false,
        "line_number": 15,
        "type": "Hex High Entropy String"
      },
      {
        "hashed_secret": "30991a325b53a78d8c271a7e4020bdeac408db9b",
        "is_secret": false,
        "is_verified": false,
        "line_number": 16,
        "type": "Hex High Entropy String"
      },
      {
        "hashed_secret": "782503ae1644bb8485674dfe166efe909bf8478e",
        "is_secret": false,
        "is_verified": false,
        "line_number": 32,
        "type": "Hex High Entropy String"
      },
      {
        "hashed_secret": "24898b551b117c6e43339d997dcbd9e0d382fa53",
        "is_secret": false,
        "is_verified": false,
        "line_number": 33,
        "type": "Hex High Entropy String"
      }
    ],
    "results/qualified-candidate/merge-parity-summary.json": [
      {
        "hashed_secret": "31bd8f7681b8c38b5df093a2c40b26048b255939",
        "is_secret": false,
        "is_verified": false,
        "line_number": 11,
        "type": "Hex High Entropy String"
      },
      {
        "hashed_secret": "3dbdd2be73ce0d2d36a71cbac0b60627cd64e6b2",
        "is_secret": false,
        "is_verified": false,
        "line_number": 12,
        "type": "Hex High Entropy String"
      },
      {
        "hashed_secret": "52a35401294356c10bebf95aecbb9aeec8bd142e",
        "is_secret": false,
        "is_verified": false,
        "line_number": 19,
        "type": "Hex High Entropy String"
      },
      {
        "hashed_secret": "2510cc0d353659760638f09a9ee49591fb8bee7a",
        "is_secret": false,
        "is_verified": false,
        "line_number": 21,
        "type": "Hex High Entropy String"
      }
    ],
    "results/qualified-candidate/training-summary.json": [
      {
        "hashed_secret": "c93adbbb6046b08f9537527c3cf74ebbb2aad3a4",
        "is_secret": false,
        "is_verified": false,
        "line_number": 7,
        "type": "Hex High Entropy String"
      },
      {
        "hashed_secret": "21c49642deea7d0c6c5f513b7220da3fa197bf26",
        "is_secret": false,
        "is_verified": false,
        "line_number": 14,
        "type": "Hex High Entropy String"
      },
      {
        "hashed_secret": "234bfdf5054e57de6e95e1c82f6e3d6bec6bd295",
        "is_secret": false,
        "is_verified": false,
        "line_number": 15,
        "type": "Hex High Entropy String"
      },
      {
        "hashed_secret": "c4f9386d9c370a30108277a0c64140cb5db2a180",
        "is_secret": false,
        "is_verified": false,
        "line_number": 31,
        "type": "Hex High Entropy String"
      },
      {
        "hashed_secret": "86f647c82ae62ed5ee9453b03fb2289c13b6efdb",
        "is_secret": false,
        "is_verified": false,
        "line_number": 36,
        "type": "Hex High Entropy String"
      },
      {
        "hashed_secret": "a1f17db0c334d8a223e2d616fd65e51cb4ce47b7",
        "is_secret": false,
        "is_verified": false,
        "line_number": 40,
        "type": "Hex High Entropy String"
      },
      {
        "hashed_secret": "3085d0beadbf09bd6f733a0fd5c1c5e4f0936efe",
        "is_secret": false,
        "is_verified": false,
        "line_number": 44,
        "type": "Hex High Entropy String"
      },
      {
        "hashed_secret": "bdf1d4960abcd0370a1a61027b56e773fd7d525c",
        "is_secret": false,
        "is_verified": false,
        "line_number": 56,
        "type": "Hex High Entropy String"
      },
      {
        "hashed_secret": "8f07b64280d3e35dc22b41cbd5ac5cbcb006683a",
        "is_secret": false,
        "is_verified": false,
        "line_number": 57,
        "type": "Hex High Entropy String"
      }
    ],
    "results/qwen-0.5b-local/evaluation-summary.json": [
      {
        "hashed_secret": "758774629ff4ce144096e77e2e273b6ec4b60879",
        "is_secret": false,
        "is_verified": false,
        "line_number": 9,
        "type": "Hex High Entropy String"
      },
      {
        "hashed_secret": "3a994d81b1688f459df5800ac50b2f79ac68c006",
        "is_secret": false,
        "is_verified": false,
        "line_number": 11,
        "type": "Hex High Entropy String"
      },
      {
        "hashed_secret": "21c5e3b96ec64b1524b387e3e76eafb92f03e4a8",
        "is_secret": false,
        "is_verified": false,
        "line_number": 14,
        "type": "Hex High Entropy String"
      },
      {
        "hashed_secret": "156465bf6db903184a9b97ed66840ffb941c8f7f",
        "is_secret": false,
        "is_verified": false,
        "line_number": 15,
        "type": "Hex High Entropy String"
      },
      {
        "hashed_secret": "340fb9a3d8813d3b0791939e7f9875da3a057a30",
        "is_secret": false,
        "is_verified": false,
        "line_number": 30,
        "type": "Hex High Entropy String"
      },
      {
        "hashed_secret": "9990acd39a5bccdce5c1828a799c27012266a7b2",
        "is_secret": false,
        "is_verified": false,
        "line_number": 31,
        "type": "Hex High Entropy String"
      }
    ],
    "results/qwen-0.5b-local/merge-parity-summary.json": [
      {
        "hashed_secret": "7d55aac4758cd81275849151a38884ef9be41282",
        "is_secret": false,
        "is_verified": false,
        "line_number": 11,
        "type": "Hex High Entropy String"
      },
      {
        "hashed_secret": "78d7fe6f1e86be599a2651e22b5fa776a3d18647",
        "is_secret": false,
        "is_verified": false,
        "line_number": 12,
        "type": "Hex High Entropy String"
      },
      {
        "hashed_secret": "9d273ac8f69c9e84435d0c012338c10b81dc2cda",
        "is_secret": false,
        "is_verified": false,
        "line_number": 19,
        "type": "Hex High Entropy String"
      },
      {
        "hashed_secret": "fac575aea7f518d8b5a3faae96f4f2a329d03564",
        "is_secret": false,
        "is_verified": false,
        "line_number": 21,
        "type": "Hex High Entropy String"
      }
    ],
    "results/qwen-0.5b-local/training-summary.json": [
      {
        "hashed_secret": "c34dc24692d9d056dc8996a4f729a52197a6ab96",
        "is_secret": false,
        "is_verified": false,
        "line_number": 7,
        "type": "Hex High Entropy String"
      },
      {
        "hashed_secret": "3272efc75e219560fa80c508a38f282e474f256f",
        "is_secret": false,
        "is_verified": false,
        "line_number": 14,
        "type": "Hex High Entropy String"
      },
      {
        "hashed_secret": "8a574e3e7891b056e8928b37e908d5331f62ff90",
        "is_secret": false,
        "is_verified": false,
        "line_number": 15,
        "type": "Hex High Entropy String"
      },
      {
        "hashed_secret": "9082b4f5e8ec67e5a4d662b83f2f5b95e0679346",
        "is_secret": false,
        "is_verified": false,
        "line_number": 29,
        "type": "Hex High Entropy String"
      },
      {
        "hashed_secret": "8858c81aa5dc1ad3626e64b6faf77fc6a400c119",
        "is_secret": false,
        "is_verified": false,
        "line_number": 30,
        "type": "Hex High Entropy String"
      },
      {
        "hashed_secret": "2ff76a653a9a86ad0754715f640cf7a22073ddef",
        "is_secret": false,
        "is_verified": false,
        "line_number": 35,
        "type": "Hex High Entropy String"
      },
      {
        "hashed_secret": "b38eb953b657f3c308828ee7f6a8c059f1cf4804",
        "is_secret": false,
        "is_verified": false,
        "line_number": 39,
        "type": "Hex High Entropy String"
      },
      {
        "hashed_secret": "dd4395a6eb14e73729ac14dda64495e772889529",
        "is_secret": false,
        "is_verified": false,
        "line_number": 57,
        "type": "Hex High Entropy String"
      },
      {
        "hashed_secret": "756684483d17965335e2dbbc757311cacd3f4432",
        "is_secret": false,
        "is_verified": false,
        "line_number": 59,
        "type": "Hex High Entropy String"
      },
      {
        "hashed_secret": "94ab2e0b91b46cf720e8f355aed12e857a21d455",
        "is_secret": false,
        "is_verified": false,
        "line_number": 64,
        "type": "Hex High Entropy String"
      }
    ],
    "results/readiness/cuda-contract-rehearsal-summary.json": [
      {
        "hashed_secret": "6615f746b7bc4b94e4f1920e901d4a4c1f4f0e2e",
        "is_secret": false,
        "is_verified": false,
        "line_number": 6,
        "type": "Hex High Entropy String"
      }
    ],
    "src/tickettune/deployment_proof.py": [
      {
        "hashed_secret": "9b2574b826d6dceaefc0d363968cb6458618a783",
        "is_secret": false,
        "is_verified": false,
        "line_number": 85,
        "type": "Hex High Entropy String"
      },
      {
        "hashed_secret": "9b2bd259e92960f79d5ab029d759eece9bd77c60",
        "is_secret": false,
        "is_verified": false,
        "line_number": 90,
        "type": "Hex High Entropy String"
      },
      {
        "hashed_secret": "d24f764d0f3a6134acce11dcd6c6c0f74ad3f700",
        "is_secret": false,
        "is_verified": false,
        "line_number": 94,
        "type": "Hex High Entropy String"
      },
      {
        "hashed_secret": "3db3fc6f4715e5d7cc3b0db09026c787f5b6a8b5",
        "is_secret": false,
        "is_verified": false,
        "line_number": 98,
        "type": "Hex High Entropy String"
      },
      {
        "hashed_secret": "6b1eae14644ac292aa22f8ea93eeb6b5f7bf6d7b",
        "is_secret": false,
        "is_verified": false,
        "line_number": 102,
        "type": "Hex High Entropy String"
      },
      {
        "hashed_secret": "13ca22c77b0d9d06bc9869023352f71a65f3b495",
        "is_secret": false,
        "is_verified": false,
        "line_number": 106,
        "type": "Hex High Entropy String"
      }
    ],
    "tests/fixtures/merged/tickettune-merge-provenance.json": [
      {
        "hashed_secret": "5745e294d0387c566c86b61a9abf5706c139b3d2",
        "is_secret": false,
        "is_verified": false,
        "line_number": 3,
        "type": "Hex High Entropy String"
      },
      {
        "hashed_secret": "fc51bb12291d32502a1120e5790dfcae1f85fd22",
        "is_secret": false,
        "is_verified": false,
        "line_number": 4,
        "type": "Hex High Entropy String"
      }
    ],
    "tests/test_data.py": [
      {
        "hashed_secret": "7ef0edbfc64ad055b1c88665e2f758b61f84425f",
        "is_secret": false,
        "is_verified": false,
        "line_number": 564,
        "type": "Hex High Entropy String"
      },
      {
        "hashed_secret": "def00e14550aba8b555a9dc02500229eff1e6e5a",
        "is_secret": false,
        "is_verified": false,
        "line_number": 567,
        "type": "Hex High Entropy String"
      },
      {
        "hashed_secret": "68b4fecff6cf8bde3e1dd2cd0afb2758732c8fdc",
        "is_secret": false,
        "is_verified": false,
        "line_number": 568,
        "type": "Hex High Entropy String"
      },
      {
        "hashed_secret": "aa8ddf62d9f1b771941275bab0211f51cb05e389",
        "is_secret": false,
        "is_verified": false,
        "line_number": 569,
        "type": "Hex High Entropy String"
      }
    ],
    "tests/test_deployment_proof.py": [
      {
        "hashed_secret": "9d4e1e23bd5b727046a9e3b4b7db57bd8d6ee684",
        "is_secret": false,
        "is_verified": false,
        "line_number": 73,
        "type": "Basic Auth Credentials"
      },
      {
        "hashed_secret": "8ef83c783989ae1bf1b2c10dfeafa96019dc5853",
        "is_secret": false,
        "is_verified": false,
        "line_number": 104,
        "type": "Base64 High Entropy String"
      },
      {
        "hashed_secret": "158b484ae1f6f64f89da22397d25fbdafad02252",
        "is_secret": false,
        "is_verified": false,
        "line_number": 588,
        "type": "Hex High Entropy String"
      }
    ]
  },
  "version": "1.5.0"
}
